// Vitest Snapshot v1, https://vitest.dev/guide/snapshot.html

exports[`golden spells (mechanics checked against the SRD text) > every spell's mechanics, as reviewed (a change here needs a review against the SRD) 1`] = `
{
  "acid-splash": {
    "area": {
      "shape": "sphere",
      "size": 5,
      "width": 5,
    },
    "attack": null,
    "cantrip_scaling": "dice",
    "conditions": [],
    "damage": [
      {
        "add_modifier": false,
        "bonus": 0,
        "dice": "1d6",
        "type": "acid",
      },
    ],
    "damage_types": [],
    "follow_up": null,
    "heal": null,
    "on_hit": [],
    "projectiles": null,
    "save": {
      "ability": "dex",
      "on_success": "none",
    },
    "targets": null,
    "upcast": null,
    "zone": null,
  },
  "animal-friendship": {
    "area": null,
    "attack": null,
    "cantrip_scaling": null,
    "conditions": [
      {
        "condition": "charmed",
        "escape": null,
        "on": "failed_save",
        "until": null,
      },
    ],
    "damage": [],
    "damage_types": [],
    "follow_up": null,
    "heal": null,
    "on_hit": [],
    "projectiles": null,
    "save": {
      "ability": "wis",
      "on_success": "none",
    },
    "targets": 1,
    "upcast": {
      "damage": [],
      "heal": null,
      "targets": 1,
    },
    "zone": null,
  },
  "befuddlement": {
    "area": null,
    "attack": null,
    "cantrip_scaling": null,
    "conditions": [],
    "damage": [
      {
        "add_modifier": false,
        "bonus": 0,
        "dice": "10d12",
        "type": "psychic",
      },
    ],
    "damage_types": [],
    "follow_up": null,
    "heal": null,
    "on_hit": [],
    "projectiles": null,
    "save": {
      "ability": "int",
      "on_success": "half",
    },
    "targets": 1,
    "upcast": null,
    "zone": null,
  },
  "black-tentacles": {
    "area": {
      "shape": "cube",
      "size": 20,
      "width": 5,
    },
    "attack": null,
    "cantrip_scaling": null,
    "conditions": [
      {
        "condition": "restrained",
        "escape": "athletics",
        "on": "failed_save",
        "until": null,
      },
    ],
    "damage": [
      {
        "add_modifier": false,
        "bonus": 0,
        "dice": "3d6",
        "type": "bludgeoning",
      },
    ],
    "damage_types": [],
    "follow_up": null,
    "heal": null,
    "on_hit": [],
    "projectiles": null,
    "save": {
      "ability": "str",
      "on_success": "none",
    },
    "targets": null,
    "upcast": null,
    "zone": {
      "anchor": "caster",
      "designate": false,
      "on_cast": true,
      "on_fail": [],
      "once_per_turn": true,
      "optional": false,
      "ram": false,
      "space": 1,
      "triggers": [
        "enter",
        "end_turn",
      ],
    },
  },
  "blight": {
    "area": null,
    "attack": null,
    "cantrip_scaling": null,
    "conditions": [],
    "damage": [
      {
        "add_modifier": false,
        "bonus": 0,
        "dice": "8d8",
        "type": "necrotic",
      },
    ],
    "damage_types": [],
    "follow_up": null,
    "heal": null,
    "on_hit": [],
    "projectiles": null,
    "save": {
      "ability": "con",
      "on_success": "half",
    },
    "targets": 1,
    "upcast": {
      "damage": [
        {
          "dice": "1d8",
          "type": "necrotic",
        },
      ],
      "heal": null,
      "targets": 0,
    },
    "zone": null,
  },
  "burning-hands": {
    "area": {
      "shape": "cone",
      "size": 15,
      "width": 5,
    },
    "attack": null,
    "cantrip_scaling": null,
    "conditions": [],
    "damage": [
      {
        "add_modifier": false,
        "bonus": 0,
        "dice": "3d6",
        "type": "fire",
      },
    ],
    "damage_types": [],
    "follow_up": null,
    "heal": null,
    "on_hit": [],
    "projectiles": null,
    "save": {
      "ability": "dex",
      "on_success": "half",
    },
    "targets": null,
    "upcast": {
      "damage": [
        {
          "dice": "1d6",
          "type": "fire",
        },
      ],
      "heal": null,
      "targets": 0,
    },
    "zone": null,
  },
  "call-lightning": {
    "area": null,
    "attack": null,
    "cantrip_scaling": null,
    "conditions": [],
    "damage": [
      {
        "add_modifier": false,
        "bonus": 0,
        "dice": "3d10",
        "type": "lightning",
      },
    ],
    "damage_types": [],
    "follow_up": null,
    "heal": null,
    "on_hit": [],
    "projectiles": null,
    "save": {
      "ability": "dex",
      "on_success": "half",
    },
    "targets": null,
    "upcast": {
      "damage": [
        {
          "dice": "1d10",
          "type": "lightning",
        },
      ],
      "heal": null,
      "targets": 0,
    },
    "zone": null,
  },
  "charm-monster": {
    "area": null,
    "attack": null,
    "cantrip_scaling": null,
    "conditions": [
      {
        "condition": "charmed",
        "escape": null,
        "on": "failed_save",
        "until": null,
      },
    ],
    "damage": [],
    "damage_types": [],
    "follow_up": null,
    "heal": null,
    "on_hit": [],
    "projectiles": null,
    "save": {
      "ability": "wis",
      "on_success": "none",
    },
    "targets": 1,
    "upcast": {
      "damage": [],
      "heal": null,
      "targets": 1,
    },
    "zone": null,
  },
  "charm-person": {
    "area": null,
    "attack": null,
    "cantrip_scaling": null,
    "conditions": [
      {
        "condition": "charmed",
        "escape": null,
        "on": "failed_save",
        "until": null,
      },
    ],
    "damage": [],
    "damage_types": [],
    "follow_up": null,
    "heal": null,
    "on_hit": [],
    "projectiles": null,
    "save": {
      "ability": "wis",
      "on_success": "none",
    },
    "targets": 1,
    "upcast": {
      "damage": [],
      "heal": null,
      "targets": 1,
    },
    "zone": null,
  },
  "chill-touch": {
    "area": null,
    "attack": "melee",
    "cantrip_scaling": "dice",
    "conditions": [],
    "damage": [
      {
        "add_modifier": false,
        "bonus": 0,
        "dice": "1d10",
        "type": "necrotic",
      },
    ],
    "damage_types": [],
    "follow_up": null,
    "heal": null,
    "on_hit": [],
    "projectiles": null,
    "save": null,
    "targets": 1,
    "upcast": null,
    "zone": null,
  },
  "circle-of-death": {
    "area": {
      "shape": "sphere",
      "size": 60,
      "width": 5,
    },
    "attack": null,
    "cantrip_scaling": null,
    "conditions": [],
    "damage": [
      {
        "add_modifier": false,
        "bonus": 0,
        "dice": "8d8",
        "type": "necrotic",
      },
    ],
    "damage_types": [],
    "follow_up": null,
    "heal": null,
    "on_hit": [],
    "projectiles": null,
    "save": {
      "ability": "con",
      "on_success": "half",
    },
    "targets": null,
    "upcast": {
      "damage": [
        {
          "dice": "2d8",
          "type": "necrotic",
        },
      ],
      "heal": null,
      "targets": 0,
    },
    "zone": null,
  },
  "cloudkill": {
    "area": {
      "shape": "sphere",
      "size": 20,
      "width": 5,
    },
    "attack": null,
    "cantrip_scaling": null,
    "conditions": [],
    "damage": [
      {
        "add_modifier": false,
        "bonus": 0,
        "dice": "5d8",
        "type": "poison",
      },
    ],
    "damage_types": [],
    "follow_up": null,
    "heal": null,
    "on_hit": [],
    "projectiles": null,
    "save": {
      "ability": "con",
      "on_success": "half",
    },
    "targets": null,
    "upcast": {
      "damage": [
        {
          "dice": "1d8",
          "type": "poison",
        },
      ],
      "heal": null,
      "targets": 0,
    },
    "zone": {
      "anchor": "caster",
      "designate": false,
      "on_cast": true,
      "on_fail": [],
      "once_per_turn": true,
      "optional": false,
      "ram": false,
      "space": 1,
      "triggers": [
        "enter",
        "end_turn",
      ],
    },
  },
  "color-spray": {
    "area": {
      "shape": "cone",
      "size": 15,
      "width": 5,
    },
    "attack": null,
    "cantrip_scaling": null,
    "conditions": [
      {
        "condition": "blinded",
        "escape": null,
        "on": "failed_save",
        "until": "end_of_your_next_turn",
      },
    ],
    "damage": [],
    "damage_types": [],
    "follow_up": null,
    "heal": null,
    "on_hit": [],
    "projectiles": null,
    "save": {
      "ability": "con",
      "on_success": "none",
    },
    "targets": null,
    "upcast": null,
    "zone": null,
  },
  "compulsion": {
    "area": null,
    "attack": null,
    "cantrip_scaling": null,
    "conditions": [
      {
        "condition": "charmed",
        "escape": null,
        "on": "failed_save",
        "until": null,
      },
    ],
    "damage": [],
    "damage_types": [],
    "follow_up": null,
    "heal": null,
    "on_hit": [],
    "projectiles": null,
    "save": {
      "ability": "wis",
      "on_success": "none",
    },
    "targets": null,
    "upcast": null,
    "zone": null,
  },
  "cone-of-cold": {
    "area": {
      "shape": "cone",
      "size": 60,
      "width": 5,
    },
    "attack": null,
    "cantrip_scaling": null,
    "conditions": [],
    "damage": [
      {
        "add_modifier": false,
        "bonus": 0,
        "dice": "8d8",
        "type": "cold",
      },
    ],
    "damage_types": [],
    "follow_up": null,
    "heal": null,
    "on_hit": [],
    "projectiles": null,
    "save": {
      "ability": "con",
      "on_success": "half",
    },
    "targets": null,
    "upcast": {
      "damage": [
        {
          "dice": "1d8",
          "type": "cold",
        },
      ],
      "heal": null,
      "targets": 0,
    },
    "zone": null,
  },
  "conjure-animals": {
    "area": {
      "shape": "emanation",
      "size": 10,
      "width": 5,
    },
    "attack": null,
    "cantrip_scaling": null,
    "conditions": [],
    "damage": [
      {
        "add_modifier": false,
        "bonus": 0,
        "dice": "3d10",
        "type": "slashing",
      },
    ],
    "damage_types": [],
    "follow_up": null,
    "heal": null,
    "on_hit": [],
    "projectiles": null,
    "save": {
      "ability": "dex",
      "on_success": "none",
    },
    "targets": null,
    "upcast": {
      "damage": [
        {
          "dice": "1d10",
          "type": "slashing",
        },
      ],
      "heal": null,
      "targets": 0,
    },
    "zone": {
      "anchor": "point",
      "designate": false,
      "on_cast": false,
      "on_fail": [],
      "once_per_turn": true,
      "optional": true,
      "ram": false,
      "space": 2,
      "triggers": [
        "enter",
        "end_turn",
      ],
    },
  },
  "conjure-woodland-beings": {
    "area": {
      "shape": "emanation",
      "size": 10,
      "width": 5,
    },
    "attack": null,
    "cantrip_scaling": null,
    "conditions": [],
    "damage": [
      {
        "add_modifier": false,
        "bonus": 0,
        "dice": "5d8",
        "type": "force",
      },
    ],
    "damage_types": [],
    "follow_up": null,
    "heal": null,
    "on_hit": [],
    "projectiles": null,
    "save": {
      "ability": "wis",
      "on_success": "half",
    },
    "targets": null,
    "upcast": {
      "damage": [
        {
          "dice": "1d8",
          "type": "force",
        },
      ],
      "heal": null,
      "targets": 0,
    },
    "zone": {
      "anchor": "caster",
      "designate": false,
      "on_cast": false,
      "on_fail": [],
      "once_per_turn": true,
      "optional": true,
      "ram": false,
      "space": 1,
      "triggers": [
        "enter",
        "end_turn",
      ],
    },
  },
  "cure-wounds": {
    "area": null,
    "attack": null,
    "cantrip_scaling": null,
    "conditions": [],
    "damage": [],
    "damage_types": [],
    "follow_up": null,
    "heal": {
      "add_modifier": true,
      "dice": "2d8",
    },
    "on_hit": [],
    "projectiles": null,
    "save": null,
    "targets": 1,
    "upcast": {
      "damage": [],
      "heal": "2d8",
      "targets": 0,
    },
    "zone": null,
  },
  "disintegrate": {
    "area": null,
    "attack": null,
    "cantrip_scaling": null,
    "conditions": [],
    "damage": [
      {
        "add_modifier": false,
        "bonus": 40,
        "dice": "10d6",
        "type": "force",
      },
    ],
    "damage_types": [],
    "follow_up": null,
    "heal": null,
    "on_hit": [],
    "projectiles": null,
    "save": {
      "ability": "dex",
      "on_success": "none",
    },
    "targets": 1,
    "upcast": {
      "damage": [
        {
          "dice": "3d6",
          "type": "force",
        },
      ],
      "heal": null,
      "targets": 0,
    },
    "zone": null,
  },
  "dissonant-whispers": {
    "area": null,
    "attack": null,
    "cantrip_scaling": null,
    "conditions": [],
    "damage": [
      {
        "add_modifier": false,
        "bonus": 0,
        "dice": "3d6",
        "type": "psychic",
      },
    ],
    "damage_types": [],
    "follow_up": null,
    "heal": null,
    "on_hit": [],
    "projectiles": null,
    "save": {
      "ability": "wis",
      "on_success": "half",
    },
    "targets": 1,
    "upcast": {
      "damage": [
        {
          "dice": "1d6",
          "type": "psychic",
        },
      ],
      "heal": null,
      "targets": 0,
    },
    "zone": null,
  },
  "eldritch-blast": {
    "area": null,
    "attack": "ranged",
    "cantrip_scaling": "beams",
    "conditions": [],
    "damage": [
      {
        "add_modifier": false,
        "bonus": 0,
        "dice": "1d10",
        "type": "force",
      },
    ],
    "damage_types": [],
    "follow_up": null,
    "heal": null,
    "on_hit": [],
    "projectiles": null,
    "save": null,
    "targets": 1,
    "upcast": null,
    "zone": null,
  },
  "entangle": {
    "area": null,
    "attack": null,
    "cantrip_scaling": null,
    "conditions": [
      {
        "condition": "restrained",
        "escape": null,
        "on": "failed_save",
        "until": null,
      },
    ],
    "damage": [],
    "damage_types": [],
    "follow_up": null,
    "heal": null,
    "on_hit": [],
    "projectiles": null,
    "save": {
      "ability": "str",
      "on_success": "none",
    },
    "targets": null,
    "upcast": null,
    "zone": null,
  },
  "finger-of-death": {
    "area": null,
    "attack": null,
    "cantrip_scaling": null,
    "conditions": [],
    "damage": [
      {
        "add_modifier": false,
        "bonus": 30,
        "dice": "7d8",
        "type": "necrotic",
      },
    ],
    "damage_types": [],
    "follow_up": null,
    "heal": null,
    "on_hit": [],
    "projectiles": null,
    "save": {
      "ability": "con",
      "on_success": "half",
    },
    "targets": 1,
    "upcast": null,
    "zone": null,
  },
  "fire-bolt": {
    "area": null,
    "attack": "ranged",
    "cantrip_scaling": "dice",
    "conditions": [],
    "damage": [
      {
        "add_modifier": false,
        "bonus": 0,
        "dice": "1d10",
        "type": "fire",
      },
    ],
    "damage_types": [],
    "follow_up": null,
    "heal": null,
    "on_hit": [],
    "projectiles": null,
    "save": null,
    "targets": 1,
    "upcast": null,
    "zone": null,
  },
  "fire-storm": {
    "area": null,
    "attack": null,
    "cantrip_scaling": null,
    "conditions": [],
    "damage": [
      {
        "add_modifier": false,
        "bonus": 0,
        "dice": "7d10",
        "type": "fire",
      },
    ],
    "damage_types": [],
    "follow_up": null,
    "heal": null,
    "on_hit": [],
    "projectiles": null,
    "save": {
      "ability": "dex",
      "on_success": "half",
    },
    "targets": null,
    "upcast": null,
    "zone": null,
  },
  "fireball": {
    "area": {
      "shape": "sphere",
      "size": 20,
      "width": 5,
    },
    "attack": null,
    "cantrip_scaling": null,
    "conditions": [],
    "damage": [
      {
        "add_modifier": false,
        "bonus": 0,
        "dice": "8d6",
        "type": "fire",
      },
    ],
    "damage_types": [],
    "follow_up": null,
    "heal": null,
    "on_hit": [],
    "projectiles": null,
    "save": {
      "ability": "dex",
      "on_success": "half",
    },
    "targets": null,
    "upcast": {
      "damage": [
        {
          "dice": "1d6",
          "type": "fire",
        },
      ],
      "heal": null,
      "targets": 0,
    },
    "zone": null,
  },
  "flaming-sphere": {
    "area": {
      "shape": "emanation",
      "size": 5,
      "width": 5,
    },
    "attack": null,
    "cantrip_scaling": null,
    "conditions": [],
    "damage": [
      {
        "add_modifier": false,
        "bonus": 0,
        "dice": "2d6",
        "type": "fire",
      },
    ],
    "damage_types": [],
    "follow_up": null,
    "heal": null,
    "on_hit": [],
    "projectiles": null,
    "save": {
      "ability": "dex",
      "on_success": "half",
    },
    "targets": null,
    "upcast": {
      "damage": [
        {
          "dice": "1d6",
          "type": "fire",
        },
      ],
      "heal": null,
      "targets": 0,
    },
    "zone": {
      "anchor": "point",
      "designate": false,
      "on_cast": false,
      "on_fail": [],
      "once_per_turn": false,
      "optional": false,
      "ram": true,
      "space": 1,
      "triggers": [
        "end_turn",
      ],
    },
  },
  "flesh-to-stone": {
    "area": null,
    "attack": null,
    "cantrip_scaling": null,
    "conditions": [
      {
        "condition": "restrained",
        "escape": null,
        "on": "failed_save",
        "until": null,
      },
    ],
    "damage": [],
    "damage_types": [],
    "follow_up": null,
    "heal": null,
    "on_hit": [],
    "projectiles": null,
    "save": {
      "ability": "con",
      "on_success": "none",
    },
    "targets": 1,
    "upcast": null,
    "zone": null,
  },
  "freezing-sphere": {
    "area": {
      "shape": "sphere",
      "size": 60,
      "width": 5,
    },
    "attack": null,
    "cantrip_scaling": null,
    "conditions": [],
    "damage": [
      {
        "add_modifier": false,
        "bonus": 0,
        "dice": "10d6",
        "type": "cold",
      },
    ],
    "damage_types": [],
    "follow_up": null,
    "heal": null,
    "on_hit": [],
    "projectiles": null,
    "save": {
      "ability": "con",
      "on_success": "half",
    },
    "targets": null,
    "upcast": {
      "damage": [
        {
          "dice": "1d6",
          "type": "cold",
        },
      ],
      "heal": null,
      "targets": 0,
    },
    "zone": null,
  },
  "grease": {
    "area": {
      "shape": "cube",
      "size": 10,
      "width": 5,
    },
    "attack": null,
    "cantrip_scaling": null,
    "conditions": [
      {
        "condition": "prone",
        "escape": null,
        "on": "failed_save",
        "until": null,
      },
    ],
    "damage": [],
    "damage_types": [],
    "follow_up": null,
    "heal": null,
    "on_hit": [],
    "projectiles": null,
    "save": {
      "ability": "dex",
      "on_success": "none",
    },
    "targets": null,
    "upcast": null,
    "zone": {
      "anchor": "caster",
      "designate": false,
      "on_cast": true,
      "on_fail": [],
      "once_per_turn": false,
      "optional": false,
      "ram": false,
      "space": 1,
      "triggers": [
        "enter",
        "end_turn",
      ],
    },
  },
  "guiding-bolt": {
    "area": null,
    "attack": "ranged",
    "cantrip_scaling": null,
    "conditions": [],
    "damage": [
      {
        "add_modifier": false,
        "bonus": 0,
        "dice": "4d6",
        "type": "radiant",
      },
    ],
    "damage_types": [],
    "follow_up": null,
    "heal": null,
    "on_hit": [
      "advantage_against",
    ],
    "projectiles": null,
    "save": null,
    "targets": 1,
    "upcast": {
      "damage": [
        {
          "dice": "1d6",
          "type": "radiant",
        },
      ],
      "heal": null,
      "targets": 0,
    },
    "zone": null,
  },
  "harm": {
    "area": null,
    "attack": null,
    "cantrip_scaling": null,
    "conditions": [],
    "damage": [
      {
        "add_modifier": false,
        "bonus": 0,
        "dice": "14d6",
        "type": "necrotic",
      },
    ],
    "damage_types": [],
    "follow_up": null,
    "heal": null,
    "on_hit": [],
    "projectiles": null,
    "save": {
      "ability": "con",
      "on_success": "half",
    },
    "targets": 1,
    "upcast": null,
    "zone": null,
  },
  "healing-word": {
    "area": null,
    "attack": null,
    "cantrip_scaling": null,
    "conditions": [],
    "damage": [],
    "damage_types": [],
    "follow_up": null,
    "heal": {
      "add_modifier": true,
      "dice": "2d4",
    },
    "on_hit": [],
    "projectiles": null,
    "save": null,
    "targets": 1,
    "upcast": {
      "damage": [],
      "heal": "2d4",
      "targets": 0,
    },
    "zone": null,
  },
  "hellish-rebuke": {
    "area": null,
    "attack": null,
    "cantrip_scaling": null,
    "conditions": [],
    "damage": [
      {
        "add_modifier": false,
        "bonus": 0,
        "dice": "2d10",
        "type": "fire",
      },
    ],
    "damage_types": [],
    "follow_up": null,
    "heal": null,
    "on_hit": [],
    "projectiles": null,
    "save": {
      "ability": "dex",
      "on_success": "half",
    },
    "targets": null,
    "upcast": {
      "damage": [
        {
          "dice": "1d10",
          "type": "fire",
        },
      ],
      "heal": null,
      "targets": 0,
    },
    "zone": null,
  },
  "hideous-laughter": {
    "area": null,
    "attack": null,
    "cantrip_scaling": null,
    "conditions": [
      {
        "condition": "prone",
        "escape": null,
        "on": "failed_save",
        "until": null,
      },
      {
        "condition": "incapacitated",
        "escape": null,
        "on": "failed_save",
        "until": null,
      },
    ],
    "damage": [],
    "damage_types": [],
    "follow_up": null,
    "heal": null,
    "on_hit": [],
    "projectiles": null,
    "save": {
      "ability": "wis",
      "on_success": "none",
    },
    "targets": 1,
    "upcast": {
      "damage": [],
      "heal": null,
      "targets": 1,
    },
    "zone": null,
  },
  "hold-monster": {
    "area": null,
    "attack": null,
    "cantrip_scaling": null,
    "conditions": [
      {
        "condition": "paralyzed",
        "escape": null,
        "on": "failed_save",
        "until": null,
      },
    ],
    "damage": [],
    "damage_types": [],
    "follow_up": null,
    "heal": null,
    "on_hit": [],
    "projectiles": null,
    "save": {
      "ability": "wis",
      "on_success": "none",
    },
    "targets": 1,
    "upcast": {
      "damage": [],
      "heal": null,
      "targets": 1,
    },
    "zone": null,
  },
  "hold-person": {
    "area": null,
    "attack": null,
    "cantrip_scaling": null,
    "conditions": [
      {
        "condition": "paralyzed",
        "escape": null,
        "on": "failed_save",
        "until": null,
      },
    ],
    "damage": [],
    "damage_types": [],
    "follow_up": null,
    "heal": null,
    "on_hit": [],
    "projectiles": null,
    "save": {
      "ability": "wis",
      "on_success": "none",
    },
    "targets": 1,
    "upcast": {
      "damage": [],
      "heal": null,
      "targets": 1,
    },
    "zone": null,
  },
  "hypnotic-pattern": {
    "area": {
      "shape": "cube",
      "size": 30,
      "width": 5,
    },
    "attack": null,
    "cantrip_scaling": null,
    "conditions": [
      {
        "condition": "charmed",
        "escape": null,
        "on": "failed_save",
        "until": null,
      },
      {
        "condition": "incapacitated",
        "escape": null,
        "on": "failed_save",
        "until": null,
      },
    ],
    "damage": [],
    "damage_types": [],
    "follow_up": null,
    "heal": null,
    "on_hit": [],
    "projectiles": null,
    "save": {
      "ability": "wis",
      "on_success": "none",
    },
    "targets": null,
    "upcast": null,
    "zone": null,
  },
  "ice-knife": {
    "area": null,
    "attack": "ranged",
    "cantrip_scaling": null,
    "conditions": [],
    "damage": [
      {
        "add_modifier": false,
        "bonus": 0,
        "dice": "1d10",
        "type": "piercing",
      },
    ],
    "damage_types": [],
    "follow_up": {
      "damage": [
        {
          "dice": "2d6",
          "type": "cold",
        },
      ],
      "radius": 5,
      "save": {
        "ability": "dex",
        "on_success": "none",
      },
      "upcast": [
        {
          "dice": "1d6",
          "type": "cold",
        },
      ],
    },
    "heal": null,
    "on_hit": [],
    "projectiles": null,
    "save": null,
    "targets": 1,
    "upcast": null,
    "zone": null,
  },
  "ice-storm": {
    "area": {
      "shape": "cylinder",
      "size": 20,
      "width": 5,
    },
    "attack": null,
    "cantrip_scaling": null,
    "conditions": [],
    "damage": [
      {
        "add_modifier": false,
        "bonus": 0,
        "dice": "2d10",
        "type": "bludgeoning",
      },
      {
        "add_modifier": false,
        "bonus": 0,
        "dice": "4d6",
        "type": "cold",
      },
    ],
    "damage_types": [],
    "follow_up": null,
    "heal": null,
    "on_hit": [],
    "projectiles": null,
    "save": {
      "ability": "dex",
      "on_success": "half",
    },
    "targets": null,
    "upcast": {
      "damage": [
        {
          "dice": "1d10",
          "type": "bludgeoning",
        },
      ],
      "heal": null,
      "targets": 0,
    },
    "zone": null,
  },
  "incendiary-cloud": {
    "area": {
      "shape": "sphere",
      "size": 20,
      "width": 5,
    },
    "attack": null,
    "cantrip_scaling": null,
    "conditions": [],
    "damage": [
      {
        "add_modifier": false,
        "bonus": 0,
        "dice": "10d8",
        "type": "fire",
      },
    ],
    "damage_types": [],
    "follow_up": null,
    "heal": null,
    "on_hit": [],
    "projectiles": null,
    "save": {
      "ability": "dex",
      "on_success": "half",
    },
    "targets": null,
    "upcast": null,
    "zone": {
      "anchor": "caster",
      "designate": false,
      "on_cast": true,
      "on_fail": [],
      "once_per_turn": true,
      "optional": false,
      "ram": false,
      "space": 1,
      "triggers": [
        "enter",
        "end_turn",
      ],
    },
  },
  "inflict-wounds": {
    "area": null,
    "attack": null,
    "cantrip_scaling": null,
    "conditions": [],
    "damage": [
      {
        "add_modifier": false,
        "bonus": 0,
        "dice": "2d10",
        "type": "necrotic",
      },
    ],
    "damage_types": [],
    "follow_up": null,
    "heal": null,
    "on_hit": [],
    "projectiles": null,
    "save": {
      "ability": "con",
      "on_success": "half",
    },
    "targets": 1,
    "upcast": {
      "damage": [
        {
          "dice": "1d10",
          "type": "necrotic",
        },
      ],
      "heal": null,
      "targets": 0,
    },
    "zone": null,
  },
  "insect-plague": {
    "area": {
      "shape": "sphere",
      "size": 20,
      "width": 5,
    },
    "attack": null,
    "cantrip_scaling": null,
    "conditions": [],
    "damage": [
      {
        "add_modifier": false,
        "bonus": 0,
        "dice": "4d10",
        "type": "piercing",
      },
    ],
    "damage_types": [],
    "follow_up": null,
    "heal": null,
    "on_hit": [],
    "projectiles": null,
    "save": {
      "ability": "con",
      "on_success": "half",
    },
    "targets": null,
    "upcast": {
      "damage": [
        {
          "dice": "1d10",
          "type": "piercing",
        },
      ],
      "heal": null,
      "targets": 0,
    },
    "zone": {
      "anchor": "caster",
      "designate": false,
      "on_cast": true,
      "on_fail": [],
      "once_per_turn": true,
      "optional": false,
      "ram": false,
      "space": 1,
      "triggers": [
        "enter",
        "end_turn",
      ],
    },
  },
  "lightning-bolt": {
    "area": {
      "shape": "line",
      "size": 100,
      "width": 5,
    },
    "attack": null,
    "cantrip_scaling": null,
    "conditions": [],
    "damage": [
      {
        "add_modifier": false,
        "bonus": 0,
        "dice": "8d6",
        "type": "lightning",
      },
    ],
    "damage_types": [],
    "follow_up": null,
    "heal": null,
    "on_hit": [],
    "projectiles": null,
    "save": {
      "ability": "dex",
      "on_success": "half",
    },
    "targets": null,
    "upcast": {
      "damage": [
        {
          "dice": "1d6",
          "type": "lightning",
        },
      ],
      "heal": null,
      "targets": 0,
    },
    "zone": null,
  },
  "magic-missile": {
    "area": null,
    "attack": null,
    "cantrip_scaling": null,
    "conditions": [],
    "damage": [
      {
        "add_modifier": false,
        "bonus": 1,
        "dice": "1d4",
        "type": "force",
      },
    ],
    "damage_types": [],
    "follow_up": null,
    "heal": null,
    "on_hit": [],
    "projectiles": {
      "count": 3,
      "upcast": 1,
    },
    "save": null,
    "targets": null,
    "upcast": null,
    "zone": null,
  },
  "mass-cure-wounds": {
    "area": {
      "shape": "sphere",
      "size": 30,
      "width": 5,
    },
    "attack": null,
    "cantrip_scaling": null,
    "conditions": [],
    "damage": [],
    "damage_types": [],
    "follow_up": null,
    "heal": {
      "add_modifier": true,
      "dice": "5d8",
    },
    "on_hit": [],
    "projectiles": null,
    "save": null,
    "targets": 6,
    "upcast": {
      "damage": [],
      "heal": "1d8",
      "targets": 0,
    },
    "zone": null,
  },
  "mass-healing-word": {
    "area": null,
    "attack": null,
    "cantrip_scaling": null,
    "conditions": [],
    "damage": [],
    "damage_types": [],
    "follow_up": null,
    "heal": {
      "add_modifier": true,
      "dice": "2d4",
    },
    "on_hit": [],
    "projectiles": null,
    "save": null,
    "targets": 6,
    "upcast": {
      "damage": [],
      "heal": "1d4",
      "targets": 0,
    },
    "zone": null,
  },
  "meteor-swarm": {
    "area": {
      "shape": "sphere",
      "size": 40,
      "width": 5,
    },
    "attack": null,
    "cantrip_scaling": null,
    "conditions": [],
    "damage": [
      {
        "add_modifier": false,
        "bonus": 0,
        "dice": "20d6",
        "type": "fire",
      },
      {
        "add_modifier": false,
        "bonus": 0,
        "dice": "20d6",
        "type": "bludgeoning",
      },
    ],
    "damage_types": [],
    "follow_up": null,
    "heal": null,
    "on_hit": [],
    "projectiles": null,
    "save": {
      "ability": "dex",
      "on_success": "half",
    },
    "targets": null,
    "upcast": null,
    "zone": null,
  },
  "mind-spike": {
    "area": null,
    "attack": null,
    "cantrip_scaling": null,
    "conditions": [],
    "damage": [
      {
        "add_modifier": false,
        "bonus": 0,
        "dice": "3d8",
        "type": "psychic",
      },
    ],
    "damage_types": [],
    "follow_up": null,
    "heal": null,
    "on_hit": [],
    "projectiles": null,
    "save": {
      "ability": "wis",
      "on_success": "half",
    },
    "targets": 1,
    "upcast": {
      "damage": [
        {
          "dice": "1d8",
          "type": "psychic",
        },
      ],
      "heal": null,
      "targets": 0,
    },
    "zone": null,
  },
  "moonbeam": {
    "area": {
      "shape": "cylinder",
      "size": 5,
      "width": 5,
    },
    "attack": null,
    "cantrip_scaling": null,
    "conditions": [],
    "damage": [
      {
        "add_modifier": false,
        "bonus": 0,
        "dice": "2d10",
        "type": "radiant",
      },
    ],
    "damage_types": [],
    "follow_up": null,
    "heal": null,
    "on_hit": [],
    "projectiles": null,
    "save": {
      "ability": "con",
      "on_success": "half",
    },
    "targets": null,
    "upcast": {
      "damage": [
        {
          "dice": "1d10",
          "type": "radiant",
        },
      ],
      "heal": null,
      "targets": 0,
    },
    "zone": {
      "anchor": "caster",
      "designate": false,
      "on_cast": true,
      "on_fail": [],
      "once_per_turn": true,
      "optional": false,
      "ram": false,
      "space": 1,
      "triggers": [
        "enter",
        "end_turn",
      ],
    },
  },
  "phantasmal-killer": {
    "area": null,
    "attack": null,
    "cantrip_scaling": null,
    "conditions": [],
    "damage": [
      {
        "add_modifier": false,
        "bonus": 0,
        "dice": "4d10",
        "type": "psychic",
      },
    ],
    "damage_types": [],
    "follow_up": null,
    "heal": null,
    "on_hit": [],
    "projectiles": null,
    "save": {
      "ability": "wis",
      "on_success": "half",
    },
    "targets": 1,
    "upcast": {
      "damage": [
        {
          "dice": "1d10",
          "type": "psychic",
        },
      ],
      "heal": null,
      "targets": 0,
    },
    "zone": null,
  },
  "poison-spray": {
    "area": null,
    "attack": "ranged",
    "cantrip_scaling": "dice",
    "conditions": [],
    "damage": [
      {
        "add_modifier": false,
        "bonus": 0,
        "dice": "1d12",
        "type": "poison",
      },
    ],
    "damage_types": [],
    "follow_up": null,
    "heal": null,
    "on_hit": [],
    "projectiles": null,
    "save": null,
    "targets": 1,
    "upcast": null,
    "zone": null,
  },
  "ray-of-frost": {
    "area": null,
    "attack": "ranged",
    "cantrip_scaling": "dice",
    "conditions": [],
    "damage": [
      {
        "add_modifier": false,
        "bonus": 0,
        "dice": "1d8",
        "type": "cold",
      },
    ],
    "damage_types": [],
    "follow_up": null,
    "heal": null,
    "on_hit": [],
    "projectiles": null,
    "save": null,
    "targets": 1,
    "upcast": null,
    "zone": null,
  },
  "ray-of-sickness": {
    "area": null,
    "attack": "ranged",
    "cantrip_scaling": null,
    "conditions": [
      {
        "condition": "poisoned",
        "escape": null,
        "on": "hit",
        "until": "end_of_your_next_turn",
      },
    ],
    "damage": [
      {
        "add_modifier": false,
        "bonus": 0,
        "dice": "2d8",
        "type": "poison",
      },
    ],
    "damage_types": [],
    "follow_up": null,
    "heal": null,
    "on_hit": [],
    "projectiles": null,
    "save": null,
    "targets": 1,
    "upcast": {
      "damage": [
        {
          "dice": "1d8",
          "type": "poison",
        },
      ],
      "heal": null,
      "targets": 0,
    },
    "zone": null,
  },
  "sacred-flame": {
    "area": null,
    "attack": null,
    "cantrip_scaling": "dice",
    "conditions": [],
    "damage": [
      {
        "add_modifier": false,
        "bonus": 0,
        "dice": "1d8",
        "type": "radiant",
      },
    ],
    "damage_types": [],
    "follow_up": null,
    "heal": null,
    "on_hit": [],
    "projectiles": null,
    "save": {
      "ability": "dex",
      "on_success": "none",
    },
    "targets": 1,
    "upcast": null,
    "zone": null,
  },
  "scorching-ray": {
    "area": null,
    "attack": "ranged",
    "cantrip_scaling": null,
    "conditions": [],
    "damage": [
      {
        "add_modifier": false,
        "bonus": 0,
        "dice": "2d6",
        "type": "fire",
      },
    ],
    "damage_types": [],
    "follow_up": null,
    "heal": null,
    "on_hit": [],
    "projectiles": {
      "count": 3,
      "upcast": 1,
    },
    "save": null,
    "targets": null,
    "upcast": null,
    "zone": null,
  },
  "shatter": {
    "area": {
      "shape": "sphere",
      "size": 10,
      "width": 5,
    },
    "attack": null,
    "cantrip_scaling": null,
    "conditions": [],
    "damage": [
      {
        "add_modifier": false,
        "bonus": 0,
        "dice": "3d8",
        "type": "thunder",
      },
    ],
    "damage_types": [],
    "follow_up": null,
    "heal": null,
    "on_hit": [],
    "projectiles": null,
    "save": {
      "ability": "con",
      "on_success": "half",
    },
    "targets": null,
    "upcast": {
      "damage": [
        {
          "dice": "1d8",
          "type": "thunder",
        },
      ],
      "heal": null,
      "targets": 0,
    },
    "zone": null,
  },
  "shocking-grasp": {
    "area": null,
    "attack": "melee",
    "cantrip_scaling": "dice",
    "conditions": [],
    "damage": [
      {
        "add_modifier": false,
        "bonus": 0,
        "dice": "1d8",
        "type": "lightning",
      },
    ],
    "damage_types": [],
    "follow_up": null,
    "heal": null,
    "on_hit": [],
    "projectiles": null,
    "save": null,
    "targets": 1,
    "upcast": null,
    "zone": null,
  },
  "sleep": {
    "area": {
      "shape": "sphere",
      "size": 5,
      "width": 5,
    },
    "attack": null,
    "cantrip_scaling": null,
    "conditions": [
      {
        "condition": "incapacitated",
        "escape": null,
        "on": "failed_save",
        "until": null,
      },
    ],
    "damage": [],
    "damage_types": [],
    "follow_up": null,
    "heal": null,
    "on_hit": [],
    "projectiles": null,
    "save": {
      "ability": "wis",
      "on_success": "none",
    },
    "targets": null,
    "upcast": null,
    "zone": null,
  },
  "sleet-storm": {
    "area": {
      "shape": "cylinder",
      "size": 20,
      "width": 5,
    },
    "attack": null,
    "cantrip_scaling": null,
    "conditions": [
      {
        "condition": "prone",
        "escape": null,
        "on": "failed_save",
        "until": null,
      },
    ],
    "damage": [],
    "damage_types": [],
    "follow_up": null,
    "heal": null,
    "on_hit": [],
    "projectiles": null,
    "save": {
      "ability": "dex",
      "on_success": "none",
    },
    "targets": null,
    "upcast": null,
    "zone": {
      "anchor": "caster",
      "designate": false,
      "on_cast": false,
      "on_fail": [
        "lose_concentration",
      ],
      "once_per_turn": true,
      "optional": false,
      "ram": false,
      "space": 1,
      "triggers": [
        "enter",
        "start_turn",
      ],
    },
  },
  "spike-growth": {
    "area": {
      "shape": "sphere",
      "size": 20,
      "width": 5,
    },
    "attack": null,
    "cantrip_scaling": null,
    "conditions": [],
    "damage": [
      {
        "add_modifier": false,
        "bonus": 0,
        "dice": "2d4",
        "type": "piercing",
      },
    ],
    "damage_types": [],
    "follow_up": null,
    "heal": null,
    "on_hit": [],
    "projectiles": null,
    "save": null,
    "targets": null,
    "upcast": null,
    "zone": {
      "anchor": "caster",
      "designate": false,
      "on_cast": false,
      "on_fail": [],
      "once_per_turn": true,
      "optional": false,
      "ram": false,
      "space": 1,
      "triggers": [
        "move",
      ],
    },
  },
  "spirit-guardians": {
    "area": {
      "shape": "emanation",
      "size": 15,
      "width": 5,
    },
    "attack": null,
    "cantrip_scaling": null,
    "conditions": [],
    "damage": [
      {
        "add_modifier": false,
        "bonus": 0,
        "dice": "3d8",
        "type": "radiant",
      },
    ],
    "damage_types": [
      "radiant",
      "necrotic",
    ],
    "follow_up": null,
    "heal": null,
    "on_hit": [],
    "projectiles": null,
    "save": {
      "ability": "wis",
      "on_success": "half",
    },
    "targets": null,
    "upcast": {
      "damage": [
        {
          "dice": "1d8",
          "type": "radiant",
        },
      ],
      "heal": null,
      "targets": 0,
    },
    "zone": {
      "anchor": "caster",
      "designate": true,
      "on_cast": false,
      "on_fail": [],
      "once_per_turn": true,
      "optional": false,
      "ram": false,
      "space": 1,
      "triggers": [
        "enter",
        "end_turn",
      ],
    },
  },
  "starry-wisp": {
    "area": null,
    "attack": "ranged",
    "cantrip_scaling": "dice",
    "conditions": [],
    "damage": [
      {
        "add_modifier": false,
        "bonus": 0,
        "dice": "1d8",
        "type": "radiant",
      },
    ],
    "damage_types": [],
    "follow_up": null,
    "heal": null,
    "on_hit": [],
    "projectiles": null,
    "save": null,
    "targets": 1,
    "upcast": null,
    "zone": null,
  },
  "stinking-cloud": {
    "area": {
      "shape": "sphere",
      "size": 20,
      "width": 5,
    },
    "attack": null,
    "cantrip_scaling": null,
    "conditions": [
      {
        "condition": "poisoned",
        "escape": null,
        "on": "failed_save",
        "until": "end_of_its_turn",
      },
    ],
    "damage": [],
    "damage_types": [],
    "follow_up": null,
    "heal": null,
    "on_hit": [],
    "projectiles": null,
    "save": {
      "ability": "con",
      "on_success": "none",
    },
    "targets": null,
    "upcast": null,
    "zone": {
      "anchor": "caster",
      "designate": false,
      "on_cast": false,
      "on_fail": [
        "no_actions",
      ],
      "once_per_turn": true,
      "optional": false,
      "ram": false,
      "space": 1,
      "triggers": [
        "start_turn",
      ],
    },
  },
  "suggestion": {
    "area": null,
    "attack": null,
    "cantrip_scaling": null,
    "conditions": [
      {
        "condition": "charmed",
        "escape": null,
        "on": "failed_save",
        "until": null,
      },
    ],
    "damage": [],
    "damage_types": [],
    "follow_up": null,
    "heal": null,
    "on_hit": [],
    "projectiles": null,
    "save": {
      "ability": "wis",
      "on_success": "none",
    },
    "targets": 1,
    "upcast": null,
    "zone": null,
  },
  "sunbeam": {
    "area": {
      "shape": "line",
      "size": 60,
      "width": 5,
    },
    "attack": null,
    "cantrip_scaling": null,
    "conditions": [
      {
        "condition": "blinded",
        "escape": null,
        "on": "failed_save",
        "until": "start_of_your_next_turn",
      },
    ],
    "damage": [
      {
        "add_modifier": false,
        "bonus": 0,
        "dice": "6d8",
        "type": "radiant",
      },
    ],
    "damage_types": [],
    "follow_up": null,
    "heal": null,
    "on_hit": [],
    "projectiles": null,
    "save": {
      "ability": "con",
      "on_success": "half",
    },
    "targets": null,
    "upcast": null,
    "zone": null,
  },
  "sunburst": {
    "area": {
      "shape": "sphere",
      "size": 60,
      "width": 5,
    },
    "attack": null,
    "cantrip_scaling": null,
    "conditions": [
      {
        "condition": "blinded",
        "escape": null,
        "on": "failed_save",
        "until": null,
      },
    ],
    "damage": [
      {
        "add_modifier": false,
        "bonus": 0,
        "dice": "12d6",
        "type": "radiant",
      },
    ],
    "damage_types": [],
    "follow_up": null,
    "heal": null,
    "on_hit": [],
    "projectiles": null,
    "save": {
      "ability": "con",
      "on_success": "half",
    },
    "targets": null,
    "upcast": null,
    "zone": null,
  },
  "thunderwave": {
    "area": {
      "shape": "cube",
      "size": 15,
      "width": 5,
    },
    "attack": null,
    "cantrip_scaling": null,
    "conditions": [],
    "damage": [
      {
        "add_modifier": false,
        "bonus": 0,
        "dice": "2d8",
        "type": "thunder",
      },
    ],
    "damage_types": [],
    "follow_up": null,
    "heal": null,
    "on_hit": [],
    "projectiles": null,
    "save": {
      "ability": "con",
      "on_success": "half",
    },
    "targets": null,
    "upcast": {
      "damage": [
        {
          "dice": "1d8",
          "type": "thunder",
        },
      ],
      "heal": null,
      "targets": 0,
    },
    "zone": null,
  },
  "vicious-mockery": {
    "area": null,
    "attack": null,
    "cantrip_scaling": "dice",
    "conditions": [],
    "damage": [
      {
        "add_modifier": false,
        "bonus": 0,
        "dice": "1d6",
        "type": "psychic",
      },
    ],
    "damage_types": [],
    "follow_up": null,
    "heal": null,
    "on_hit": [],
    "projectiles": null,
    "save": {
      "ability": "wis",
      "on_success": "none",
    },
    "targets": 1,
    "upcast": null,
    "zone": null,
  },
  "web": {
    "area": {
      "shape": "cube",
      "size": 20,
      "width": 5,
    },
    "attack": null,
    "cantrip_scaling": null,
    "conditions": [
      {
        "condition": "restrained",
        "escape": "athletics",
        "on": "failed_save",
        "until": null,
      },
    ],
    "damage": [],
    "damage_types": [],
    "follow_up": null,
    "heal": null,
    "on_hit": [],
    "projectiles": null,
    "save": {
      "ability": "dex",
      "on_success": "none",
    },
    "targets": null,
    "upcast": null,
    "zone": {
      "anchor": "caster",
      "designate": false,
      "on_cast": false,
      "on_fail": [],
      "once_per_turn": true,
      "optional": false,
      "ram": false,
      "space": 1,
      "triggers": [
        "enter",
        "start_turn",
      ],
    },
  },
  "weird": {
    "area": {
      "shape": "sphere",
      "size": 30,
      "width": 5,
    },
    "attack": null,
    "cantrip_scaling": null,
    "conditions": [
      {
        "condition": "frightened",
        "escape": null,
        "on": "failed_save",
        "until": null,
      },
    ],
    "damage": [
      {
        "add_modifier": false,
        "bonus": 0,
        "dice": "10d10",
        "type": "psychic",
      },
    ],
    "damage_types": [],
    "follow_up": null,
    "heal": null,
    "on_hit": [],
    "projectiles": null,
    "save": {
      "ability": "wis",
      "on_success": "half",
    },
    "targets": null,
    "upcast": null,
    "zone": null,
  },
  "wind-wall": {
    "area": null,
    "attack": null,
    "cantrip_scaling": null,
    "conditions": [],
    "damage": [
      {
        "add_modifier": false,
        "bonus": 0,
        "dice": "4d8",
        "type": "bludgeoning",
      },
    ],
    "damage_types": [],
    "follow_up": null,
    "heal": null,
    "on_hit": [],
    "projectiles": null,
    "save": {
      "ability": "str",
      "on_success": "half",
    },
    "targets": null,
    "upcast": null,
    "zone": null,
  },
}
`;
